\BOOKMARK [1][-]{section.1}{Introduction}{}% 1
\BOOKMARK [1][-]{section.2}{Methodology}{}% 2
\BOOKMARK [2][-]{subsection.2.1}{Generalized linear models \(GLMs\)}{section.2}% 3
\BOOKMARK [2][-]{subsection.2.2}{Target data, source data, and transferring level}{section.2}% 4
\BOOKMARK [2][-]{subsection.2.3}{Two-step GLM transfer learning}{section.2}% 5
\BOOKMARK [2][-]{subsection.2.4}{Transferable source detection}{section.2}% 6
\BOOKMARK [2][-]{subsection.2.5}{Confidence intervals}{section.2}% 7
\BOOKMARK [1][-]{section.3}{Theory}{}% 8
\BOOKMARK [2][-]{subsection.3.1}{Theory on Ah-Trans-GLM}{section.3}% 9
\BOOKMARK [2][-]{subsection.3.2}{Theory on the transferable source detection algorithm}{section.3}% 10
\BOOKMARK [2][-]{subsection.3.3}{Theory on confidence interval construction}{section.3}% 11
\BOOKMARK [1][-]{section.4}{Numerical Experiments}{}% 12
\BOOKMARK [2][-]{subsection.4.1}{Simulations}{section.4}% 13
\BOOKMARK [3][-]{subsubsection.4.1.1}{Transfer learning on Ah}{subsection.4.1}% 14
\BOOKMARK [3][-]{subsubsection.4.1.2}{Transfer learning when Ah is unknown}{subsection.4.1}% 15
\BOOKMARK [2][-]{subsection.4.2}{A real-data study}{section.4}% 16
\BOOKMARK [1][-]{section.5}{Discussions}{}% 17
\BOOKMARK [1][-]{section.1}{More details}{}% 18
\BOOKMARK [2][-]{subsection.1.1}{A schematic to illustrate A-Trans-GLM}{section.1}% 19
\BOOKMARK [2][-]{subsection.1.2}{Theory}{section.1}% 20
\BOOKMARK [3][-]{subsubsection.1.2.1}{Explicit forms of convergence rates in Assumption 5}{subsection.1.2}% 21
\BOOKMARK [3][-]{subsubsection.1.2.2}{Bound of a prediction error measure}{subsection.1.2}% 22
\BOOKMARK [2][-]{subsection.1.3}{Additional numerical results}{section.1}% 23
\BOOKMARK [3][-]{subsubsection.1.3.1}{More details about the implementation of numerical experiments}{subsection.1.3}% 24
\BOOKMARK [3][-]{subsubsection.1.3.2}{Transfer learning on Ah}{subsection.1.3}% 25
\BOOKMARK [3][-]{subsubsection.1.3.3}{Transferable source detection}{subsection.1.3}% 26
\BOOKMARK [3][-]{subsubsection.1.3.4}{Additional results of real data analysis}{subsection.1.3}% 27
\BOOKMARK [1][-]{section.2}{Proofs}{}% 28
\BOOKMARK [2][-]{subsection.2.1}{Some lemmas}{section.2}% 29
\BOOKMARK [2][-]{subsection.2.2}{Proof of lemmas}{section.2}% 30
\BOOKMARK [3][-]{subsubsection.2.2.1}{Proof of Lemma 1}{subsection.2.2}% 31
\BOOKMARK [3][-]{subsubsection.2.2.2}{Proof of Lemma 2}{subsection.2.2}% 32
\BOOKMARK [3][-]{subsubsection.2.2.3}{Proof of Lemma 4}{subsection.2.2}% 33
\BOOKMARK [3][-]{subsubsection.2.2.4}{Proof of Lemma 5}{subsection.2.2}% 34
\BOOKMARK [2][-]{subsection.2.3}{Proof of theorems}{section.2}% 35
\BOOKMARK [3][-]{subsubsection.2.3.1}{Proof of Theorem 1}{subsection.2.3}% 36
\BOOKMARK [3][-]{subsubsection.2.3.2}{Proof of Theorem 2}{subsection.2.3}% 37
\BOOKMARK [3][-]{subsubsection.2.3.3}{Proof of Theorem 3}{subsection.2.3}% 38
\BOOKMARK [3][-]{subsubsection.2.3.4}{Proof of Theorem 4}{subsection.2.3}% 39
\BOOKMARK [3][-]{subsubsection.2.3.5}{Proof of Theorem 5}{subsection.2.3}% 40
\BOOKMARK [3][-]{subsubsection.2.3.6}{Proof of Theorem 6}{subsection.2.3}% 41
\BOOKMARK [3][-]{subsubsection.2.3.7}{Proof of Theorem 7}{subsection.2.3}% 42
\BOOKMARK [2][-]{subsection.2.4}{Proof of propositions}{section.2}% 43
\BOOKMARK [3][-]{subsubsection.2.4.1}{Proof of Proposition 1}{subsection.2.4}% 44
\BOOKMARK [3][-]{subsubsection.2.4.2}{Proof of Proposition 2}{subsection.2.4}% 45
